[2026-08-11 07:30:08,698] [INFO] - [LOGIN RUNNER] Mở trang đăng nhập...
[2026-08-11 07:30:10,337] [INFO] - [LOGIN RUNNER] Nhập thông tin đăng nhập: test@gmail.com
[2026-08-11 07:30:20,715] [INFO] - [LOGIN RUNNER] Đăng nhập hoàn tất thành công.
[2026-08-11 07:31:29,469] [INFO] - [LOGIN RUNNER] Mở trang đăng nhập...
[2026-08-11 07:31:29,595] [INFO] - [LOGIN RUNNER] Nhập thông tin đăng nhập: test.pltsolutions
[2026-08-11 07:31:50,405] [ERROR] - [LOGIN RUNNER FAIL] Message: 
Stacktrace:
0   chromedriver                        0x0000000100895584 chromedriver + 3413380
1   chromedriver                        0x00000001005982fc chromedriver + 279292
2   chromedriver                        0x00000001005e0a04 chromedriver + 576004
3   chromedriver                        0x000000010061e9f0 chromedriver + 829936
4   chromedriver                        0x00000001005d64dc chromedriver + 533724
5   chromedriver                        0x00000001008665cc chromedriver + 3220940
6   chromedriver                        0x0000000100869430 chromedriver + 3232816
7   chromedriver                        0x000000010085002c chromedriver + 3129388
8   chromedriver                        0x0000000100869d08 chromedriver + 3235080
9   chromedriver                        0x0000000100842398 chromedriver + 3072920
10  chromedriver                        0x0000000100884e20 chromedriver + 3345952
11  chromedriver                        0x0000000100884f80 chromedriver + 3346304
12  chromedriver                        0x0000000100895244 chromedriver + 3412548
13  libsystem_pthread.dylib             0x00000001932272e0 _pthread_start + 132
14  libsystem_pthread.dylib             0x00000001932220f8 thread_start + 4
 | Screenshot: Lỗi chụp screenshot: Message: no such window: target window already closed
from unknown error: web view not found
  (Session info: chrome=151.0.7922.76)
Stacktrace:
0   chromedriver                        0x0000000100895584 chromedriver + 3413380
1   chromedriver                        0x00000001005982fc chromedriver + 279292
2   chromedriver                        0x000000010057727c chromedriver + 143996
3   chromedriver                        0x0000000100607c7c chromedriver + 736380
4   chromedriver                        0x000000010061e520 chromedriver + 828704
5   chromedriver                        0x00000001005d64dc chromedriver + 533724
6   chromedriver                        0x00000001008665cc chromedriver + 3220940
7   chromedriver                        0x0000000100869430 chromedriver + 3232816
8   chromedriver                        0x000000010085002c chromedriver + 3129388
9   chromedriver                        0x0000000100869d08 chromedriver + 3235080
10  chromedriver                        0x0000000100842398 chromedriver + 3072920
11  chromedriver                        0x0000000100884e20 chromedriver + 3345952
12  chromedriver                        0x0000000100884f80 chromedriver + 3346304
13  chromedriver                        0x0000000100895244 chromedriver + 3412548
14  libsystem_pthread.dylib             0x00000001932272e0 _pthread_start + 132
15  libsystem_pthread.dylib             0x00000001932220f8 thread_start + 4

[2026-08-11 07:31:52,447] [INFO] - [LOGIN RUNNER] Mở trang đăng nhập...
[2026-08-11 07:31:52,624] [INFO] - [LOGIN RUNNER] Nhập thông tin đăng nhập: test.pltsolutions
[2026-08-11 07:32:03,155] [ERROR] - [LOGIN RUNNER FAIL] Message: no such window: target window already closed
from unknown error: web view not found
  (Session info: chrome=151.0.7922.76)
Stacktrace:
0   chromedriver                        0x00000001012b9584 chromedriver + 3413380
1   chromedriver                        0x0000000100fbc2fc chromedriver + 279292
2   chromedriver                        0x0000000100f9b27c chromedriver + 143996
3   chromedriver                        0x000000010102bc7c chromedriver + 736380
4   chromedriver                        0x0000000101042520 chromedriver + 828704
5   chromedriver                        0x0000000100ffa4dc chromedriver + 533724
6   chromedriver                        0x000000010128a5cc chromedriver + 3220940
7   chromedriver                        0x000000010128d430 chromedriver + 3232816
8   chromedriver                        0x000000010127402c chromedriver + 3129388
9   chromedriver                        0x000000010128dd08 chromedriver + 3235080
10  chromedriver                        0x0000000101266398 chromedriver + 3072920
11  chromedriver                        0x00000001012a8e20 chromedriver + 3345952
12  chromedriver                        0x00000001012a8f80 chromedriver + 3346304
13  chromedriver                        0x00000001012b9244 chromedriver + 3412548
14  libsystem_pthread.dylib             0x00000001932272e0 _pthread_start + 132
15  libsystem_pthread.dylib             0x00000001932220f8 thread_start + 4
 | Screenshot: Lỗi chụp screenshot: Message: no such window: target window already closed
from unknown error: web view not found
  (Session info: chrome=151.0.7922.76)
Stacktrace:
0   chromedriver                        0x00000001012b9584 chromedriver + 3413380
1   chromedriver                        0x0000000100fbc2fc chromedriver + 279292
2   chromedriver                        0x0000000100f9b27c chromedriver + 143996
3   chromedriver                        0x000000010102bc7c chromedriver + 736380
4   chromedriver                        0x0000000101042520 chromedriver + 828704
5   chromedriver                        0x0000000100ffa4dc chromedriver + 533724
6   chromedriver                        0x000000010128a5cc chromedriver + 3220940
7   chromedriver                        0x000000010128d430 chromedriver + 3232816
8   chromedriver                        0x000000010127402c chromedriver + 3129388
9   chromedriver                        0x000000010128dd08 chromedriver + 3235080
10  chromedriver                        0x0000000101266398 chromedriver + 3072920
11  chromedriver                        0x00000001012a8e20 chromedriver + 3345952
12  chromedriver                        0x00000001012a8f80 chromedriver + 3346304
13  chromedriver                        0x00000001012b9244 chromedriver + 3412548
14  libsystem_pthread.dylib             0x00000001932272e0 _pthread_start + 132
15  libsystem_pthread.dylib             0x00000001932220f8 thread_start + 4

[2026-08-11 07:32:08,902] [INFO] - [LOGIN RUNNER] Mở trang đăng nhập...
[2026-08-11 07:32:09,066] [INFO] - [LOGIN RUNNER] Nhập thông tin đăng nhập: test.pltsolutions
[2026-08-11 07:32:30,191] [ERROR] - [LOGIN RUNNER FAIL] Message: 
Stacktrace:
0   chromedriver                        0x0000000102c89584 chromedriver + 3413380
1   chromedriver                        0x000000010298c2fc chromedriver + 279292
2   chromedriver                        0x00000001029d4a04 chromedriver + 576004
3   chromedriver                        0x0000000102a129f0 chromedriver + 829936
4   chromedriver                        0x00000001029ca4dc chromedriver + 533724
5   chromedriver                        0x0000000102c5a5cc chromedriver + 3220940
6   chromedriver                        0x0000000102c5d430 chromedriver + 3232816
7   chromedriver                        0x0000000102c4402c chromedriver + 3129388
8   chromedriver                        0x0000000102c5dd08 chromedriver + 3235080
9   chromedriver                        0x0000000102c36398 chromedriver + 3072920
10  chromedriver                        0x0000000102c78e20 chromedriver + 3345952
11  chromedriver                        0x0000000102c78f80 chromedriver + 3346304
12  chromedriver                        0x0000000102c89244 chromedriver + 3412548
13  libsystem_pthread.dylib             0x00000001932272e0 _pthread_start + 132
14  libsystem_pthread.dylib             0x00000001932220f8 thread_start + 4
 | Screenshot: /Applications/XAMPP/xamppfiles/htdocs/AutoTest-main/image/login_failed_20260811_073229.png
[2026-08-11 07:36:27,704] [INFO] - [LOGIN RUNNER] Mở trang đăng nhập: https://courses.plt.pro.vn/login
[2026-08-11 07:36:27,970] [INFO] - [LOGIN RUNNER] Nhập thông tin đăng nhập: test@gmail.com
[2026-08-11 07:36:45,297] [INFO] - [LOGIN RUNNER] Mở trang đăng nhập: https://courses.plt.pro.vn/login
[2026-08-11 07:36:46,701] [INFO] - [LOGIN RUNNER] Nhập thông tin đăng nhập: test@gmail.com
[2026-08-11 07:36:48,612] [ERROR] - [LOGIN RUNNER FAIL] Message: 
Stacktrace:
0   chromedriver                        0x0000000104fa5584 chromedriver + 3413380
1   chromedriver                        0x0000000104ca82fc chromedriver + 279292
2   chromedriver                        0x0000000104cf0a04 chromedriver + 576004
3   chromedriver                        0x0000000104d2e9f0 chromedriver + 829936
4   chromedriver                        0x0000000104ce64dc chromedriver + 533724
5   chromedriver                        0x0000000104f765cc chromedriver + 3220940
6   chromedriver                        0x0000000104f79430 chromedriver + 3232816
7   chromedriver                        0x0000000104f6002c chromedriver + 3129388
8   chromedriver                        0x0000000104f79d08 chromedriver + 3235080
9   chromedriver                        0x0000000104f52398 chromedriver + 3072920
10  chromedriver                        0x0000000104f94e20 chromedriver + 3345952
11  chromedriver                        0x0000000104f94f80 chromedriver + 3346304
12  chromedriver                        0x0000000104fa5244 chromedriver + 3412548
13  libsystem_pthread.dylib             0x00000001932272e0 _pthread_start + 132
14  libsystem_pthread.dylib             0x00000001932220f8 thread_start + 4
 | Screenshot: Lỗi chụp screenshot: Message: no such window: target window already closed
from unknown error: web view not found
  (Session info: chrome=151.0.7922.76)
Stacktrace:
0   chromedriver                        0x0000000104fa5584 chromedriver + 3413380
1   chromedriver                        0x0000000104ca82fc chromedriver + 279292
2   chromedriver                        0x0000000104c8727c chromedriver + 143996
3   chromedriver                        0x0000000104d17c7c chromedriver + 736380
4   chromedriver                        0x0000000104d2e520 chromedriver + 828704
5   chromedriver                        0x0000000104ce64dc chromedriver + 533724
6   chromedriver                        0x0000000104f765cc chromedriver + 3220940
7   chromedriver                        0x0000000104f79430 chromedriver + 3232816
8   chromedriver                        0x0000000104f6002c chromedriver + 3129388
9   chromedriver                        0x0000000104f79d08 chromedriver + 3235080
10  chromedriver                        0x0000000104f52398 chromedriver + 3072920
11  chromedriver                        0x0000000104f94e20 chromedriver + 3345952
12  chromedriver                        0x0000000104f94f80 chromedriver + 3346304
13  chromedriver                        0x0000000104fa5244 chromedriver + 3412548
14  libsystem_pthread.dylib             0x00000001932272e0 _pthread_start + 132
15  libsystem_pthread.dylib             0x00000001932220f8 thread_start + 4

[2026-08-11 07:36:57,148] [INFO] - [LOGIN RUNNER] Đăng nhập hoàn tất thành công.
[2026-08-11 07:37:26,246] [INFO] - [LOGIN RUNNER] Mở trang đăng nhập: https://retail-store.plt.pro.vn/dang-nhap
[2026-08-11 07:37:27,993] [INFO] - [LOGIN RUNNER] Nhập thông tin đăng nhập: test.pltsolutions
[2026-08-11 07:37:38,335] [INFO] - [LOGIN RUNNER] Đăng nhập hoàn tất thành công.
[2026-08-11 08:28:48,173] [INFO] - [LOGIN RUNNER] Mở trang đăng nhập: https://courses.plt.pro.vn/login
[2026-08-11 08:28:51,848] [INFO] - [LOGIN RUNNER] Nhập thông tin: Email='test@gmail.com'
[2026-08-11 08:29:21,391] [WARNING] - [WARNING] Vẫn ở trang login (https://courses.plt.pro.vn/login), kiểm tra xem đã chuyển hướng chưa...
[2026-08-11 08:29:21,399] [INFO] - [LOGIN RUNNER] PASS: Đăng nhập thành công!
[2026-08-11 08:29:50,479] [INFO] - [LOGIN RUNNER] Mở trang đăng nhập: https://courses.plt.pro.vn/login
[2026-08-11 08:29:52,750] [INFO] - [LOGIN RUNNER] Nhập thông tin: Email='test@gmail.com'
[2026-08-11 08:30:16,757] [INFO] - [LOGIN RUNNER] PASS: Đăng nhập thành công!
[2026-08-11 08:30:43,132] [INFO] - [LOGIN RUNNER] Mở trang đăng nhập: https://courses.plt.pro.vn/login
[2026-08-11 08:30:45,970] [INFO] - [LOGIN RUNNER] Nhập thông tin: Email='test@gmail.com'
[2026-08-11 08:31:10,046] [INFO] - [LOGIN RUNNER] PASS: Đăng nhập thành công!
[2026-08-11 08:33:20,698] [INFO] - [LOGIN RUNNER] Mở trang đăng nhập: https://courses.plt.pro.vn/login
[2026-08-11 08:33:20,699] [INFO] - [LOGIN RUNNER] Mở trang đăng nhập: https://courses.plt.pro.vn/login
[2026-08-11 08:33:20,699] [INFO] - [LOGIN RUNNER] Mở trang đăng nhập: https://courses.plt.pro.vn/login
[2026-08-11 08:33:22,354] [INFO] - [LOGIN RUNNER] Nhập thông tin: Email='test@gmail.com'
[2026-08-11 08:33:22,354] [INFO] - [LOGIN RUNNER] Nhập thông tin: Email='test@gmail.com'
[2026-08-11 08:33:22,354] [INFO] - [LOGIN RUNNER] Nhập thông tin: Email='test@gmail.com'
[2026-08-11 08:33:36,444] [WARNING] - [WARNING] Vẫn ở trang login (https://courses.plt.pro.vn/login), kiểm tra xem đã chuyển hướng chưa...
[2026-08-11 08:33:36,446] [INFO] - [LOGIN RUNNER] PASS: Đăng nhập thành công!
[2026-08-11 08:33:36,448] [WARNING] - [WARNING] Vẫn ở trang login (https://courses.plt.pro.vn/login), kiểm tra xem đã chuyển hướng chưa...
[2026-08-11 08:33:36,449] [INFO] - [LOGIN RUNNER] PASS: Đăng nhập thành công!
[2026-08-11 08:33:36,459] [WARNING] - [WARNING] Vẫn ở trang login (https://courses.plt.pro.vn/login), kiểm tra xem đã chuyển hướng chưa...
[2026-08-11 08:33:36,459] [INFO] - [LOGIN RUNNER] PASS: Đăng nhập thành công!
[2026-08-11 08:33:48,154] [INFO] - [LOGIN RUNNER] Mở trang đăng nhập: https://courses.plt.pro.vn/login
[2026-08-11 08:33:48,300] [INFO] - [LOGIN RUNNER] Nhập thông tin: Email='test@gmail.com'
[2026-08-11 08:34:12,297] [INFO] - [LOGIN RUNNER] PASS: Đăng nhập thành công!
