[2026-08-14 00:00:50,427] [ERROR] - [SUITE ROUTE ERROR] ROUTE-CHECK
Traceback (most recent call last):
  File "C:\AutoTest-AI\AutoTest\runners\suite_runner.py", line 69, in _run_route_smoke
    driver = DriverFactory.create_driver(headless=False, keep_session=keep_session)
  File "C:\Users\Huynh Anh Tu\AppData\Local\Python\pythoncore-3.14-64\Lib\unittest\mock.py", line 1176, in __call__
    return self._mock_call(*args, **kwargs)
           ~~~~~~~~~~~~~~~^^^^^^^^^^^^^^^^^
  File "C:\Users\Huynh Anh Tu\AppData\Local\Python\pythoncore-3.14-64\Lib\unittest\mock.py", line 1180, in _mock_call
    return self._execute_mock_call(*args, **kwargs)
           ~~~~~~~~~~~~~~~~~~~~~~~^^^^^^^^^^^^^^^^^
  File "C:\Users\Huynh Anh Tu\AppData\Local\Python\pythoncore-3.14-64\Lib\unittest\mock.py", line 1241, in _execute_mock_call
    raise effect
RuntimeError: driver unavailable
[2026-08-14 00:05:14,808] [ERROR] - [SUITE ROUTE ERROR] ROUTE-CHECK
Traceback (most recent call last):
  File "C:\AutoTest-AI\AutoTest\runners\suite_runner.py", line 69, in _run_route_smoke
    driver = DriverFactory.create_driver(headless=False, keep_session=keep_session)
  File "C:\Users\Huynh Anh Tu\AppData\Local\Python\pythoncore-3.14-64\Lib\unittest\mock.py", line 1176, in __call__
    return self._mock_call(*args, **kwargs)
           ~~~~~~~~~~~~~~~^^^^^^^^^^^^^^^^^
  File "C:\Users\Huynh Anh Tu\AppData\Local\Python\pythoncore-3.14-64\Lib\unittest\mock.py", line 1180, in _mock_call
    return self._execute_mock_call(*args, **kwargs)
           ~~~~~~~~~~~~~~~~~~~~~~~^^^^^^^^^^^^^^^^^
  File "C:\Users\Huynh Anh Tu\AppData\Local\Python\pythoncore-3.14-64\Lib\unittest\mock.py", line 1241, in _execute_mock_call
    raise effect
RuntimeError: driver unavailable
[2026-08-14 00:11:21,526] [ERROR] - [SUITE CASE ERROR] DASH-001
Traceback (most recent call last):
  File "C:\AutoTest-AI\AutoTest\runners\suite_runner.py", line 172, in run
    payload = self._run_case(case)
  File "C:\AutoTest-AI\AutoTest\runners\suite_runner.py", line 251, in _run_case
    payload = run_label_text_test(
        worker=None,
    ...<17 lines>...
        close_delay=_CLOSE_DELAY,
    )
  File "C:\AutoTest-AI\AutoTest\runners\text_dropdown_runner.py", line 364, in run_label_text_test
    time.sleep(close_delay)
    ^^^^
NameError: name 'time' is not defined. Did you forget to import 'time'?
[2026-08-14 00:11:24,207] [INFO] - [LABEL] page=Dashboard element=Tiêu đề header vận hành expected=Bảng điều khiển vận hành actual=ERROR: Message: session not created: Chrome failed to start: crashed.
  (session not created: DevToolsActivePort file doesn't exist)
  (The process started from chrome location C:\Program Files\Google\Chrome\Application\chrome.exe is no longer running, so ChromeDriver is assuming that Chrome has crashed.); For documentation on this error, please visit: https://www.selenium.dev/documentation/webdriver/troubleshooting/errors#sessionnotcreatedexception
Stacktrace:
	chromedriver!GetHandleVerifier [0x7ff7a5acabb5+151b5]
	chromedriver!GetHandleVerifier [0x7ff7a5acac10+15210]
	chromedriver!(No symbol) [0x7ff7a55f5d6d]
	chromedriver!(No symbol) [0x7ff7a56389eb]
	chromedriver!(No symbol) [0x7ff7a5633e4f]
	chromedriver!(No symbol) [0x7ff7a5687e81]
	chromedriver!(No symbol) [0x7ff7a56876e6]
	chromedriver!(No symbol) [0x7ff7a56437cc]
	chromedriver!(No symbol) [0x7ff7a56446f3]
	chromedriver!GetHandleVerifier [0x7ff7a60eb79b+635d9b]
	chromedriver!GetHandleVerifier [0x7ff7a60e5ac6+6300c6]
	chromedriver!GetHandleVerifier [0x7ff7a610bcee+6562ee]
	chromedriver!GetHandleVerifier [0x7ff7a5ae8ffe+335fe]
	chromedriver!GetHandleVerifier [0x7ff7a5af147c+3ba7c]
	chromedriver!GetHandleVerifier [0x7ff7a5ad4d64+1f364]
	chromedriver!GetHandleVerifier [0x7ff7a5ad4ef4+1f4f4]
	chromedriver!GetHandleVerifier [0x7ff7a5ab7d97+2397]
	KERNEL32!BaseThreadInitThunk [0x7ff8798eccb7+17]
	ntdll!RtlUserThreadStart [0x7ff87a86ad6c+2c]
 status=ERROR
[2026-08-14 00:11:26,871] [INFO] - [LABEL] page=Dashboard element=KPI xe đang cho thuê expected=XE ĐANG CHO THUÊ
Các xe hiện đang ở ngoài với khách. actual=ERROR: Message: session not created: Chrome failed to start: crashed.
  (session not created: DevToolsActivePort file doesn't exist)
  (The process started from chrome location C:\Program Files\Google\Chrome\Application\chrome.exe is no longer running, so ChromeDriver is assuming that Chrome has crashed.); For documentation on this error, please visit: https://www.selenium.dev/documentation/webdriver/troubleshooting/errors#sessionnotcreatedexception
Stacktrace:
	chromedriver!GetHandleVerifier [0x7ff7a5acabb5+151b5]
	chromedriver!GetHandleVerifier [0x7ff7a5acac10+15210]
	chromedriver!(No symbol) [0x7ff7a55f5d6d]
	chromedriver!(No symbol) [0x7ff7a56389eb]
	chromedriver!(No symbol) [0x7ff7a5633e4f]
	chromedriver!(No symbol) [0x7ff7a5687e81]
	chromedriver!(No symbol) [0x7ff7a56876e6]
	chromedriver!(No symbol) [0x7ff7a56437cc]
	chromedriver!(No symbol) [0x7ff7a56446f3]
	chromedriver!GetHandleVerifier [0x7ff7a60eb79b+635d9b]
	chromedriver!GetHandleVerifier [0x7ff7a60e5ac6+6300c6]
	chromedriver!GetHandleVerifier [0x7ff7a610bcee+6562ee]
	chromedriver!GetHandleVerifier [0x7ff7a5ae8ffe+335fe]
	chromedriver!GetHandleVerifier [0x7ff7a5af147c+3ba7c]
	chromedriver!GetHandleVerifier [0x7ff7a5ad4d64+1f364]
	chromedriver!GetHandleVerifier [0x7ff7a5ad4ef4+1f4f4]
	chromedriver!GetHandleVerifier [0x7ff7a5ab7d97+2397]
	KERNEL32!BaseThreadInitThunk [0x7ff8798eccb7+17]
	ntdll!RtlUserThreadStart [0x7ff87a86ad6c+2c]
 status=ERROR
[2026-08-14 00:11:29,537] [INFO] - [LABEL] page=Dashboard element=KPI xe sẵn sàng hôm nay expected=XE SẴN SÀNG HÔM NAY
Có thể bàn giao ngay cho booking tiếp theo. actual=ERROR: Message: session not created: Chrome failed to start: crashed.
  (session not created: DevToolsActivePort file doesn't exist)
  (The process started from chrome location C:\Program Files\Google\Chrome\Application\chrome.exe is no longer running, so ChromeDriver is assuming that Chrome has crashed.); For documentation on this error, please visit: https://www.selenium.dev/documentation/webdriver/troubleshooting/errors#sessionnotcreatedexception
Stacktrace:
	chromedriver!GetHandleVerifier [0x7ff7a5acabb5+151b5]
	chromedriver!GetHandleVerifier [0x7ff7a5acac10+15210]
	chromedriver!(No symbol) [0x7ff7a55f5d6d]
	chromedriver!(No symbol) [0x7ff7a56389eb]
	chromedriver!(No symbol) [0x7ff7a5633e4f]
	chromedriver!(No symbol) [0x7ff7a5687e81]
	chromedriver!(No symbol) [0x7ff7a56876e6]
	chromedriver!(No symbol) [0x7ff7a56437cc]
	chromedriver!(No symbol) [0x7ff7a56446f3]
	chromedriver!GetHandleVerifier [0x7ff7a60eb79b+635d9b]
	chromedriver!GetHandleVerifier [0x7ff7a60e5ac6+6300c6]
	chromedriver!GetHandleVerifier [0x7ff7a610bcee+6562ee]
	chromedriver!GetHandleVerifier [0x7ff7a5ae8ffe+335fe]
	chromedriver!GetHandleVerifier [0x7ff7a5af147c+3ba7c]
	chromedriver!GetHandleVerifier [0x7ff7a5ad4d64+1f364]
	chromedriver!GetHandleVerifier [0x7ff7a5ad4ef4+1f4f4]
	chromedriver!GetHandleVerifier [0x7ff7a5ab7d97+2397]
	KERNEL32!BaseThreadInitThunk [0x7ff8798eccb7+17]
	ntdll!RtlUserThreadStart [0x7ff87a86ad6c+2c]
 status=ERROR
[2026-08-14 00:11:32,675] [INFO] - [LABEL] page=Dashboard element=KPI booking trễ hạn expected=BOOKING TRỄ HẠN
Các booking đã quá thời gian trả xe dự kiến. actual=ERROR: Message: session not created: Chrome failed to start: crashed.
  (session not created: DevToolsActivePort file doesn't exist)
  (The process started from chrome location C:\Program Files\Google\Chrome\Application\chrome.exe is no longer running, so ChromeDriver is assuming that Chrome has crashed.); For documentation on this error, please visit: https://www.selenium.dev/documentation/webdriver/troubleshooting/errors#sessionnotcreatedexception
Stacktrace:
	chromedriver!GetHandleVerifier [0x7ff7a5acabb5+151b5]
	chromedriver!GetHandleVerifier [0x7ff7a5acac10+15210]
	chromedriver!(No symbol) [0x7ff7a55f5d6d]
	chromedriver!(No symbol) [0x7ff7a56389eb]
	chromedriver!(No symbol) [0x7ff7a5633e4f]
	chromedriver!(No symbol) [0x7ff7a5687e81]
	chromedriver!(No symbol) [0x7ff7a56876e6]
	chromedriver!(No symbol) [0x7ff7a56437cc]
	chromedriver!(No symbol) [0x7ff7a56446f3]
	chromedriver!GetHandleVerifier [0x7ff7a60eb79b+635d9b]
	chromedriver!GetHandleVerifier [0x7ff7a60e5ac6+6300c6]
	chromedriver!GetHandleVerifier [0x7ff7a610bcee+6562ee]
	chromedriver!GetHandleVerifier [0x7ff7a5ae8ffe+335fe]
	chromedriver!GetHandleVerifier [0x7ff7a5af147c+3ba7c]
	chromedriver!GetHandleVerifier [0x7ff7a5ad4d64+1f364]
	chromedriver!GetHandleVerifier [0x7ff7a5ad4ef4+1f4f4]
	chromedriver!GetHandleVerifier [0x7ff7a5ab7d97+2397]
	KERNEL32!BaseThreadInitThunk [0x7ff8798eccb7+17]
	ntdll!RtlUserThreadStart [0x7ff87a86ad6c+2c]
 status=ERROR
[2026-08-14 00:11:35,356] [INFO] - [DROPDOWN] page=Dashboard element=Dropdown ngôn ngữ expected=English
Tiếng Việt actual=ERROR: Message: session not created: Chrome failed to start: crashed.
  (session not created: DevToolsActivePort file doesn't exist)
  (The process started from chrome location C:\Program Files\Google\Chrome\Application\chrome.exe is no longer running, so ChromeDriver is assuming that Chrome has crashed.); For documentation on this error, please visit: https://www.selenium.dev/documentation/webdriver/troubleshooting/errors#sessionnotcreatedexception
Stacktrace:
	chromedriver!GetHandleVerifier [0x7ff7a5acabb5+151b5]
	chromedriver!GetHandleVerifier [0x7ff7a5acac10+15210]
	chromedriver!(No symbol) [0x7ff7a55f5d6d]
	chromedriver!(No symbol) [0x7ff7a56389eb]
	chromedriver!(No symbol) [0x7ff7a5633e4f]
	chromedriver!(No symbol) [0x7ff7a5687e81]
	chromedriver!(No symbol) [0x7ff7a56876e6]
	chromedriver!(No symbol) [0x7ff7a56437cc]
	chromedriver!(No symbol) [0x7ff7a56446f3]
	chromedriver!GetHandleVerifier [0x7ff7a60eb79b+635d9b]
	chromedriver!GetHandleVerifier [0x7ff7a60e5ac6+6300c6]
	chromedriver!GetHandleVerifier [0x7ff7a610bcee+6562ee]
	chromedriver!GetHandleVerifier [0x7ff7a5ae8ffe+335fe]
	chromedriver!GetHandleVerifier [0x7ff7a5af147c+3ba7c]
	chromedriver!GetHandleVerifier [0x7ff7a5ad4d64+1f364]
	chromedriver!GetHandleVerifier [0x7ff7a5ad4ef4+1f4f4]
	chromedriver!GetHandleVerifier [0x7ff7a5ab7d97+2397]
	KERNEL32!BaseThreadInitThunk [0x7ff8798eccb7+17]
	ntdll!RtlUserThreadStart [0x7ff87a86ad6c+2c]
 status=ERROR
[2026-08-14 00:11:38,012] [INFO] - [TABLE] page=Dashboard element=Danh sách bàn giao sắp tới expected=Các lượt bàn giao sắp tới actual=ERROR: Message: session not created: Chrome failed to start: crashed.
  (session not created: DevToolsActivePort file doesn't exist)
  (The process started from chrome location C:\Program Files\Google\Chrome\Application\chrome.exe is no longer running, so ChromeDriver is assuming that Chrome has crashed.); For documentation on this error, please visit: https://www.selenium.dev/documentation/webdriver/troubleshooting/errors#sessionnotcreatedexception
Stacktrace:
	chromedriver!GetHandleVerifier [0x7ff7a5acabb5+151b5]
	chromedriver!GetHandleVerifier [0x7ff7a5acac10+15210]
	chromedriver!(No symbol) [0x7ff7a55f5d6d]
	chromedriver!(No symbol) [0x7ff7a56389eb]
	chromedriver!(No symbol) [0x7ff7a5633e4f]
	chromedriver!(No symbol) [0x7ff7a5687e81]
	chromedriver!(No symbol) [0x7ff7a56876e6]
	chromedriver!(No symbol) [0x7ff7a56437cc]
	chromedriver!(No symbol) [0x7ff7a56446f3]
	chromedriver!GetHandleVerifier [0x7ff7a60eb79b+635d9b]
	chromedriver!GetHandleVerifier [0x7ff7a60e5ac6+6300c6]
	chromedriver!GetHandleVerifier [0x7ff7a610bcee+6562ee]
	chromedriver!GetHandleVerifier [0x7ff7a5ae8ffe+335fe]
	chromedriver!GetHandleVerifier [0x7ff7a5af147c+3ba7c]
	chromedriver!GetHandleVerifier [0x7ff7a5ad4d64+1f364]
	chromedriver!GetHandleVerifier [0x7ff7a5ad4ef4+1f4f4]
	chromedriver!GetHandleVerifier [0x7ff7a5ab7d97+2397]
	KERNEL32!BaseThreadInitThunk [0x7ff8798eccb7+17]
	ntdll!RtlUserThreadStart [0x7ff87a86ad6c+2c]
 status=ERROR
[2026-08-14 00:11:50,076] [ERROR] - [SUITE CASE ERROR] dashboard_first_booking_row
Traceback (most recent call last):
  File "C:\AutoTest-AI\AutoTest\runners\suite_runner.py", line 172, in run
    payload = self._run_case(case)
  File "C:\AutoTest-AI\AutoTest\runners\suite_runner.py", line 251, in _run_case
    payload = run_label_text_test(
        worker=None,
    ...<17 lines>...
        close_delay=_CLOSE_DELAY,
    )
  File "C:\AutoTest-AI\AutoTest\runners\text_dropdown_runner.py", line 364, in run_label_text_test
    time.sleep(close_delay)
    ^^^^
NameError: name 'time' is not defined. Did you forget to import 'time'?
[2026-08-14 00:14:34,118] [INFO] - [LOGIN RUNNER] Mở trang đăng nhập: https://courses.plt.pro.vn/login
[2026-08-14 00:14:34,325] [INFO] - [LOGIN RUNNER] Nhập thông tin: Email='test@gmail.com'
[2026-08-14 00:14:49,811] [ERROR] - [LOGIN RUNNER FAIL] Message: invalid session id: session deleted as the browser has closed the connection
from disconnected: unable to send message to renderer
  (Session info: chrome=151.0.7922.110); For documentation on this error, please visit: https://www.selenium.dev/documentation/webdriver/troubleshooting/errors#invalidsessionidexception
Stacktrace:
	chromedriver!GetHandleVerifier [0x7ff7a5acabb5+151b5]
	chromedriver!GetHandleVerifier [0x7ff7a5acac10+15210]
	chromedriver!(No symbol) [0x7ff7a55f5d6d]
	chromedriver!(No symbol) [0x7ff7a55e1c10]
	chromedriver!(No symbol) [0x7ff7a55e1b6c]
	chromedriver!(No symbol) [0x7ff7a55e03c9]
	chromedriver!(No symbol) [0x7ff7a55e0f7f]
	chromedriver!(No symbol) [0x7ff7a55fb656]
	chromedriver!(No symbol) [0x7ff7a55fc19b]
	chromedriver!(No symbol) [0x7ff7a5600c85]
	chromedriver!(No symbol) [0x7ff7a5600d4f]
	chromedriver!(No symbol) [0x7ff7a5650a0a]
	chromedriver!(No symbol) [0x7ff7a565158c]
	chromedriver!(No symbol) [0x7ff7a56a2027]
	chromedriver!(No symbol) [0x7ff7a569ec0b]
	chromedriver!(No symbol) [0x7ff7a56437cc]
	chromedriver!(No symbol) [0x7ff7a56446f3]
	chromedriver!GetHandleVerifier [0x7ff7a60eb79b+635d9b]
	chromedriver!GetHandleVerifier [0x7ff7a60e5ac6+6300c6]
	chromedriver!GetHandleVerifier [0x7ff7a610bcee+6562ee]
	chromedriver!GetHandleVerifier [0x7ff7a5ae8ffe+335fe]
	chromedriver!GetHandleVerifier [0x7ff7a5af147c+3ba7c]
	chromedriver!GetHandleVerifier [0x7ff7a5ad4d64+1f364]
	chromedriver!GetHandleVerifier [0x7ff7a5ad4ef4+1f4f4]
	chromedriver!GetHandleVerifier [0x7ff7a5ab7d97+2397]
	KERNEL32!BaseThreadInitThunk [0x7ff8798eccb7+17]
	ntdll!RtlUserThreadStart [0x7ff87a86ad6c+2c]
 | Screenshot: Lỗi chụp screenshot: Message: invalid session id; For documentation on this error, please visit: https://www.selenium.dev/documentation/webdriver/troubleshooting/errors#invalidsessionidexception
Stacktrace:
	chromedriver!GetHandleVerifier [0x7ff7a5acabb5+151b5]
	chromedriver!GetHandleVerifier [0x7ff7a5acac10+15210]
	chromedriver!(No symbol) [0x7ff7a55f5b56]
	chromedriver!(No symbol) [0x7ff7a5642833]
	chromedriver!(No symbol) [0x7ff7a5679c12]
	chromedriver!(No symbol) [0x7ff7a5673a22]
	chromedriver!(No symbol) [0x7ff7a56731e2]
	chromedriver!(No symbol) [0x7ff7a55be2bb]
	chromedriver!(No symbol) [0x7ff7a55be912]
	chromedriver!(No symbol) [0x7ff7a55beed5]
	chromedriver!GetHandleVerifier [0x7ff7a60eb79b+635d9b]
	chromedriver!GetHandleVerifier [0x7ff7a60e5ac6+6300c6]
	chromedriver!GetHandleVerifier [0x7ff7a610bcee+6562ee]
	chromedriver!GetHandleVerifier [0x7ff7a5ae8ffe+335fe]
	chromedriver!GetHandleVerifier [0x7ff7a5af147c+3ba7c]
	chromedriver!(No symbol) [0x7ff7a55bd83c]
	chromedriver!GetHandleVerifier [0x7ff7a62b35e8+7fdbe8]
	KERNEL32!BaseThreadInitThunk [0x7ff8798eccb7+17]
	ntdll!RtlUserThreadStart [0x7ff87a86ad6c+2c]

[2026-08-14 00:31:24,164] [ERROR] - [SUITE ROUTE ERROR] ROUTE-CHECK
Traceback (most recent call last):
  File "C:\AutoTest-AI\AutoTest\runners\suite_runner.py", line 69, in _run_route_smoke
    driver = DriverFactory.create_driver(headless=False, keep_session=keep_session)
  File "C:\Users\Huynh Anh Tu\AppData\Local\Python\pythoncore-3.14-64\Lib\unittest\mock.py", line 1176, in __call__
    return self._mock_call(*args, **kwargs)
           ~~~~~~~~~~~~~~~^^^^^^^^^^^^^^^^^
  File "C:\Users\Huynh Anh Tu\AppData\Local\Python\pythoncore-3.14-64\Lib\unittest\mock.py", line 1180, in _mock_call
    return self._execute_mock_call(*args, **kwargs)
           ~~~~~~~~~~~~~~~~~~~~~~~^^^^^^^^^^^^^^^^^
  File "C:\Users\Huynh Anh Tu\AppData\Local\Python\pythoncore-3.14-64\Lib\unittest\mock.py", line 1241, in _execute_mock_call
    raise effect
RuntimeError: driver unavailable
[2026-08-14 00:33:10,904] [ERROR] - [SUITE ROUTE ERROR] ROUTE-CHECK
Traceback (most recent call last):
  File "C:\AutoTest-AI\AutoTest\runners\suite_runner.py", line 69, in _run_route_smoke
    driver = DriverFactory.create_driver(headless=False, keep_session=keep_session)
  File "C:\Users\Huynh Anh Tu\AppData\Local\Python\pythoncore-3.14-64\Lib\unittest\mock.py", line 1176, in __call__
    return self._mock_call(*args, **kwargs)
           ~~~~~~~~~~~~~~~^^^^^^^^^^^^^^^^^
  File "C:\Users\Huynh Anh Tu\AppData\Local\Python\pythoncore-3.14-64\Lib\unittest\mock.py", line 1180, in _mock_call
    return self._execute_mock_call(*args, **kwargs)
           ~~~~~~~~~~~~~~~~~~~~~~~^^^^^^^^^^^^^^^^^
  File "C:\Users\Huynh Anh Tu\AppData\Local\Python\pythoncore-3.14-64\Lib\unittest\mock.py", line 1241, in _execute_mock_call
    raise effect
RuntimeError: driver unavailable
[2026-08-14 01:08:59,888] [ERROR] - [SUITE ROUTE ERROR] ROUTE-CHECK
Traceback (most recent call last):
  File "C:\AutoTest-AI\AutoTest\runners\suite_runner.py", line 69, in _run_route_smoke
    driver = DriverFactory.create_driver(headless=False, keep_session=keep_session)
  File "C:\Users\Huynh Anh Tu\AppData\Local\Python\pythoncore-3.14-64\Lib\unittest\mock.py", line 1176, in __call__
    return self._mock_call(*args, **kwargs)
           ~~~~~~~~~~~~~~~^^^^^^^^^^^^^^^^^
  File "C:\Users\Huynh Anh Tu\AppData\Local\Python\pythoncore-3.14-64\Lib\unittest\mock.py", line 1180, in _mock_call
    return self._execute_mock_call(*args, **kwargs)
           ~~~~~~~~~~~~~~~~~~~~~~~^^^^^^^^^^^^^^^^^
  File "C:\Users\Huynh Anh Tu\AppData\Local\Python\pythoncore-3.14-64\Lib\unittest\mock.py", line 1241, in _execute_mock_call
    raise effect
RuntimeError: driver unavailable
[2026-08-14 01:28:01,078] [ERROR] - [SUITE CASE ERROR] DASH-001
Traceback (most recent call last):
  File "E:\AutoTest\runners\suite_runner.py", line 172, in run
    payload = self._run_case(case)
  File "E:\AutoTest\runners\suite_runner.py", line 256, in _run_case
    payload = run_label_text_test(
        worker=None,
    ...<17 lines>...
        close_delay=_CLOSE_DELAY,
    )
  File "E:\AutoTest\runners\text_dropdown_runner.py", line 364, in run_label_text_test
    time.sleep(close_delay)
    ^^^^
NameError: name 'time' is not defined. Did you forget to import 'time'?
[2026-08-14 01:28:22,709] [ERROR] - [SUITE CASE ERROR] DASH-002
Traceback (most recent call last):
  File "E:\AutoTest\runners\suite_runner.py", line 172, in run
    payload = self._run_case(case)
  File "E:\AutoTest\runners\suite_runner.py", line 256, in _run_case
    payload = run_label_text_test(
        worker=None,
    ...<17 lines>...
        close_delay=_CLOSE_DELAY,
    )
  File "E:\AutoTest\runners\text_dropdown_runner.py", line 364, in run_label_text_test
    time.sleep(close_delay)
    ^^^^
NameError: name 'time' is not defined. Did you forget to import 'time'?
[2026-08-14 01:28:43,973] [ERROR] - [SUITE CASE ERROR] DASH-003
Traceback (most recent call last):
  File "E:\AutoTest\runners\suite_runner.py", line 172, in run
    payload = self._run_case(case)
  File "E:\AutoTest\runners\suite_runner.py", line 256, in _run_case
    payload = run_label_text_test(
        worker=None,
    ...<17 lines>...
        close_delay=_CLOSE_DELAY,
    )
  File "E:\AutoTest\runners\text_dropdown_runner.py", line 364, in run_label_text_test
    time.sleep(close_delay)
    ^^^^
NameError: name 'time' is not defined. Did you forget to import 'time'?
[2026-08-14 01:29:04,884] [ERROR] - [SUITE CASE ERROR] DASH-004
Traceback (most recent call last):
  File "E:\AutoTest\runners\suite_runner.py", line 172, in run
    payload = self._run_case(case)
  File "E:\AutoTest\runners\suite_runner.py", line 256, in _run_case
    payload = run_label_text_test(
        worker=None,
    ...<17 lines>...
        close_delay=_CLOSE_DELAY,
    )
  File "E:\AutoTest\runners\text_dropdown_runner.py", line 364, in run_label_text_test
    time.sleep(close_delay)
    ^^^^
NameError: name 'time' is not defined. Did you forget to import 'time'?
