[2026-08-19 23:00:50,905] [INFO] - [UI] Opening: /dashboard
[2026-08-19 23:00:55,827] [INFO] - [DRIVER] Chrome session created OK. browser=chrome browser_version=151.0.7922.169 chromedriver_version=151.0.7922.138 (41fa82442390a4d4456c78f2d69a832d5720cb27-refs/branch-heads/7922@{#2891}) session_id=e9e9028132947f963a3f40901a92c2d7
[2026-08-19 23:00:55,840] [ERROR] - [SELENIUM ERROR]
page=Dashboard
element=Kiểm tra tiêu đề
locator=xpath://header//h3
url=chrome://new-tab-page/
exception_type=WebDriverException
message=invalid argument
  (Session info: chrome=151.0.7922.169)
[2026-08-19 23:01:02,416] [INFO] - [UI] page=Dashboard element=Kiểm tra tiêu đề expected=Bảng điều khiển actual=ERROR: WebDriverException: invalid argument
  (Session info: chrome=151.0.7922.169)
URL=chrome://new-tab-page/
page_title=New Tab status=ERROR
[2026-08-19 23:01:02,426] [INFO] - [UI] Opening: /dashboard
[2026-08-19 23:01:03,557] [INFO] - [DRIVER] Chrome session created OK. browser=chrome browser_version=151.0.7922.169 chromedriver_version=151.0.7922.138 (41fa82442390a4d4456c78f2d69a832d5720cb27-refs/branch-heads/7922@{#2891}) session_id=a2d72cd50dc2395ed300404076e7e0a6
[2026-08-19 23:01:03,595] [ERROR] - [SELENIUM ERROR]
page=Dashboard
element=Click mở bằng POM
locator=xpath://main//h4[normalize-space()='Thao tác nhanh']/ancestor::section//button[.//p[normalize-space()='Mở tài chính']]
url=chrome://new-tab-page/
exception_type=WebDriverException
message=invalid argument
  (Session info: chrome=151.0.7922.169)
[2026-08-19 23:01:10,131] [INFO] - [UI] page=Dashboard element=Click mở bằng POM expected= actual=ERROR: WebDriverException: invalid argument
  (Session info: chrome=151.0.7922.169)
URL=chrome://new-tab-page/
page_title=New Tab status=ERROR
[2026-08-19 23:31:34,700] [INFO] - [UI] Opening: https://courses.plt.pro.vn/login
[2026-08-19 23:31:35,710] [INFO] - [DRIVER] Chrome session created OK. browser=chrome browser_version=151.0.7922.169 chromedriver_version=151.0.7922.138 (41fa82442390a4d4456c78f2d69a832d5720cb27-refs/branch-heads/7922@{#2891}) session_id=fa630a69bce682e01951eb413bbe5dce
[2026-08-19 23:31:36,276] [INFO] - [LOGIN] Website yêu cầu đăng nhập.
[2026-08-19 23:31:40,156] [INFO] - [UI] locator=xpath //header//h3[normalize-space()='Bảng điều khiển vận hành']
[2026-08-19 23:31:40,156] [INFO] - [FIND] page=Login element=Đăng nhập thành công với Admin locator=xpath://header//h3[normalize-space()='Bảng điều khiển vận hành'] timeout=15
[2026-08-19 23:31:56,360] [ERROR] - [SELENIUM ERROR]
page=Login
element=Đăng nhập thành công với Admin
locator=xpath://header//h3[normalize-space()='Bảng điều khiển vận hành']
url=https://courses.plt.pro.vn/dashboard
exception_type=TimeoutException
message=Không tìm thấy element sau 15 giây.
[2026-08-19 23:31:56,361] [ERROR] - [UI] page=Login element=Đăng nhập thành công với Admin
TimeoutException: Không tìm thấy element "Đăng nhập thành công với Admin"
locator=xpath://header//h3[normalize-space()='Bảng điều khiển vận hành']
URL=https://courses.plt.pro.vn/dashboard
page_title=PLT Solutions - Fleet Console
login_page_visible=False
[2026-08-19 23:32:02,976] [INFO] - [UI] page=Login element=Đăng nhập thành công với Admin expected= actual=ERROR: TimeoutException: Không tìm thấy element "Đăng nhập thành công với Admin"
locator=xpath://header//h3[normalize-space()='Bảng điều khiển vận hành']
URL=https://courses.plt.pro.vn/dashboard
page_title=PLT Solutions - Fleet Console
login_page_visible=False status=ERROR
[2026-08-19 23:32:04,093] [INFO] - [DRIVER] Chrome session created OK. browser=chrome browser_version=151.0.7922.169 chromedriver_version=151.0.7922.138 (41fa82442390a4d4456c78f2d69a832d5720cb27-refs/branch-heads/7922@{#2891}) session_id=6135ed428e217f2f8dbe3cb378ee4e4d
[2026-08-19 23:32:16,357] [INFO] - [DRIVER] Chrome session created OK. browser=chrome browser_version=151.0.7922.169 chromedriver_version=151.0.7922.138 (41fa82442390a4d4456c78f2d69a832d5720cb27-refs/branch-heads/7922@{#2891}) session_id=8a335800b0270aad9e6e10a06c106fbe
[2026-08-19 23:32:29,155] [INFO] - [DRIVER] Chrome session created OK. browser=chrome browser_version=151.0.7922.169 chromedriver_version=151.0.7922.138 (41fa82442390a4d4456c78f2d69a832d5720cb27-refs/branch-heads/7922@{#2891}) session_id=9e95fd3e5ef0700dc9c69a17acf1554d
[2026-08-19 23:32:41,392] [INFO] - [DRIVER] Chrome session created OK. browser=chrome browser_version=151.0.7922.169 chromedriver_version=151.0.7922.138 (41fa82442390a4d4456c78f2d69a832d5720cb27-refs/branch-heads/7922@{#2891}) session_id=23cf9aee0636038f630d1a2642949b7b
[2026-08-19 23:32:54,308] [INFO] - [DRIVER] Chrome session created OK. browser=chrome browser_version=151.0.7922.169 chromedriver_version=151.0.7922.138 (41fa82442390a4d4456c78f2d69a832d5720cb27-refs/branch-heads/7922@{#2891}) session_id=4a6bd633177401864f2be904a91499d2
[2026-08-19 23:32:59,755] [ERROR] - [SUITE ROUTE ERROR] TC_NAV_05
Traceback (most recent call last):
  File "C:\AutoTest-AI\AutoTest\runners\suite_runner.py", line 84, in _run_route_smoke
    actual_url = driver.current_url or ""
                 ^^^^^^^^^^^^^^^^^^
  File "C:\Users\Huynh Anh Tu\AppData\Local\Python\pythoncore-3.14-64\Lib\site-packages\selenium\webdriver\remote\webdriver.py", line 626, in current_url
    return self.execute(Command.GET_CURRENT_URL)["value"]
           ~~~~~~~~~~~~^^^^^^^^^^^^^^^^^^^^^^^^^
  File "C:\Users\Huynh Anh Tu\AppData\Local\Python\pythoncore-3.14-64\Lib\site-packages\selenium\webdriver\remote\webdriver.py", line 492, in execute
    self.error_handler.check_response(response)
    ~~~~~~~~~~~~~~~~~~~~~~~~~~~~~~~~~^^^^^^^^^^
  File "C:\Users\Huynh Anh Tu\AppData\Local\Python\pythoncore-3.14-64\Lib\site-packages\selenium\webdriver\remote\errorhandler.py", line 232, in check_response
    raise exception_class(message, screen, stacktrace)
selenium.common.exceptions.InvalidSessionIdException: Message: invalid session id: session deleted as the browser has closed the connection
from disconnected: not connected to DevTools
  (Session info: chrome=151.0.7922.169); For documentation on this error, please visit: https://www.selenium.dev/documentation/webdriver/troubleshooting/errors#invalidsessionidexception
Stacktrace:
	chromedriver!GetHandleVerifier [0x7ff718e3abb5+151b5]
	chromedriver!GetHandleVerifier [0x7ff718e3ac10+15210]
	chromedriver!(No symbol) [0x7ff718965d6d]
	chromedriver!(No symbol) [0x7ff7189515c2]
	chromedriver!(No symbol) [0x7ff7189774a1]
	chromedriver!(No symbol) [0x7ff7189f1320]
	chromedriver!(No symbol) [0x7ff718a0e4f2]
	chromedriver!(No symbol) [0x7ff7189b37cc]
	chromedriver!(No symbol) [0x7ff7189b46f3]
	chromedriver!GetHandleVerifier [0x7ff71945b79b+635d9b]
	chromedriver!GetHandleVerifier [0x7ff719455ac6+6300c6]
	chromedriver!GetHandleVerifier [0x7ff71947bcee+6562ee]
	chromedriver!GetHandleVerifier [0x7ff718e58ffe+335fe]
	chromedriver!GetHandleVerifier [0x7ff718e6147c+3ba7c]
	chromedriver!GetHandleVerifier [0x7ff718e44d64+1f364]
	chromedriver!GetHandleVerifier [0x7ff718e44ef4+1f4f4]
	chromedriver!GetHandleVerifier [0x7ff718e27d97+2397]
	KERNEL32!BaseThreadInitThunk [0x7ffedf92ccb7+17]
	ntdll!RtlUserThreadStart [0x7ffee040ad6c+2c]

[2026-08-19 23:33:06,468] [INFO] - [DRIVER] Chrome session created OK. browser=chrome browser_version=151.0.7922.169 chromedriver_version=151.0.7922.138 (41fa82442390a4d4456c78f2d69a832d5720cb27-refs/branch-heads/7922@{#2891}) session_id=aa2c1d66f67c9eb5e86956e9d94f848f
[2026-08-19 23:33:18,768] [INFO] - [DRIVER] Chrome session created OK. browser=chrome browser_version=151.0.7922.169 chromedriver_version=151.0.7922.138 (41fa82442390a4d4456c78f2d69a832d5720cb27-refs/branch-heads/7922@{#2891}) session_id=65d81bb91db0e11a30674170811d68f4
[2026-08-19 23:33:31,099] [INFO] - [DRIVER] Chrome session created OK. browser=chrome browser_version=151.0.7922.169 chromedriver_version=151.0.7922.138 (41fa82442390a4d4456c78f2d69a832d5720cb27-refs/branch-heads/7922@{#2891}) session_id=af08692c77d782fe39b60f8dc1b028f2
[2026-08-19 23:33:43,393] [INFO] - [DRIVER] Chrome session created OK. browser=chrome browser_version=151.0.7922.169 chromedriver_version=151.0.7922.138 (41fa82442390a4d4456c78f2d69a832d5720cb27-refs/branch-heads/7922@{#2891}) session_id=75d3cbd9446f89643e52a775a430a6ae
[2026-08-19 23:34:04,450] [INFO] - [UI] Opening: https://courses.plt.pro.vn/login
[2026-08-19 23:34:05,074] [INFO] - [DRIVER] Chrome session created OK. browser=chrome browser_version=151.0.7922.169 chromedriver_version=151.0.7922.138 (41fa82442390a4d4456c78f2d69a832d5720cb27-refs/branch-heads/7922@{#2891}) session_id=38d7aefc9231f28dbe195328f1e5e3a7
[2026-08-19 23:34:05,629] [INFO] - [LOGIN] Website yêu cầu đăng nhập.
[2026-08-19 23:34:06,407] [ERROR] - [SELENIUM ERROR]
page=Login
element=Đăng nhập thành công với Admin
locator=xpath://header//h3[normalize-space()='Bảng điều khiển vận hành']
url=(không lấy được URL - session có thể đã chết)
exception_type=WebDriverException
message=invalid session id; For documentation on this error, please visit: https://www.selenium.dev/documentation/webdriver/troubleshooting/errors#invalidsessionidexception
[2026-08-19 23:43:23,673] [INFO] - [UI] Opening: https://courses.plt.pro.vn/login
[2026-08-19 23:43:24,337] [INFO] - [DRIVER] Chrome session created OK. browser=chrome browser_version=151.0.7922.169 chromedriver_version=151.0.7922.138 (41fa82442390a4d4456c78f2d69a832d5720cb27-refs/branch-heads/7922@{#2891}) session_id=d84b2b9d2b5cb442a90339d1e959a23f
[2026-08-19 23:43:24,909] [INFO] - [LOGIN] Website yêu cầu đăng nhập.
[2026-08-19 23:43:28,776] [INFO] - [UI] locator=xpath //header//h3[normalize-space()='Bảng điều khiển vận hành']
[2026-08-19 23:43:28,776] [INFO] - [FIND] page=Login element=Đăng nhập thành công với Admin locator=xpath://header//h3[normalize-space()='Bảng điều khiển vận hành'] timeout=15
[2026-08-19 23:43:44,970] [ERROR] - [SELENIUM ERROR]
page=Login
element=Đăng nhập thành công với Admin
locator=xpath://header//h3[normalize-space()='Bảng điều khiển vận hành']
url=https://courses.plt.pro.vn/dashboard
exception_type=TimeoutException
message=Không tìm thấy element sau 15 giây.
[2026-08-19 23:43:44,970] [ERROR] - [UI] page=Login element=Đăng nhập thành công với Admin
TimeoutException: Không tìm thấy element "Đăng nhập thành công với Admin"
locator=xpath://header//h3[normalize-space()='Bảng điều khiển vận hành']
URL=https://courses.plt.pro.vn/dashboard
page_title=PLT Solutions - Fleet Console
login_page_visible=False
[2026-08-19 23:43:51,660] [INFO] - [UI] page=Login element=Đăng nhập thành công với Admin expected= actual=ERROR: TimeoutException: Không tìm thấy element "Đăng nhập thành công với Admin"
locator=xpath://header//h3[normalize-space()='Bảng điều khiển vận hành']
URL=https://courses.plt.pro.vn/dashboard
page_title=PLT Solutions - Fleet Console
login_page_visible=False status=ERROR
[2026-08-19 23:43:52,320] [INFO] - [DRIVER] Chrome session created OK. browser=chrome browser_version=151.0.7922.169 chromedriver_version=151.0.7922.138 (41fa82442390a4d4456c78f2d69a832d5720cb27-refs/branch-heads/7922@{#2891}) session_id=ef8a976bcfdd5e74396db45b6fde1825
[2026-08-19 23:44:04,586] [INFO] - [DRIVER] Chrome session created OK. browser=chrome browser_version=151.0.7922.169 chromedriver_version=151.0.7922.138 (41fa82442390a4d4456c78f2d69a832d5720cb27-refs/branch-heads/7922@{#2891}) session_id=3135870b46d96d2002df26345de10f67
[2026-08-19 23:44:16,859] [INFO] - [DRIVER] Chrome session created OK. browser=chrome browser_version=151.0.7922.169 chromedriver_version=151.0.7922.138 (41fa82442390a4d4456c78f2d69a832d5720cb27-refs/branch-heads/7922@{#2891}) session_id=bdae6959f2e64b1c7096eab91a74bd60
[2026-08-19 23:44:29,683] [INFO] - [DRIVER] Chrome session created OK. browser=chrome browser_version=151.0.7922.169 chromedriver_version=151.0.7922.138 (41fa82442390a4d4456c78f2d69a832d5720cb27-refs/branch-heads/7922@{#2891}) session_id=3a81678e9ef77585392260b89f8a5239
[2026-08-19 23:50:29,036] [INFO] - [UI] Opening: https://courses.plt.pro.vn/login
[2026-08-19 23:50:29,694] [INFO] - [DRIVER] Chrome session created OK. browser=chrome browser_version=151.0.7922.169 chromedriver_version=151.0.7922.138 (41fa82442390a4d4456c78f2d69a832d5720cb27-refs/branch-heads/7922@{#2891}) session_id=e6fc9ae79ea56225fb10ae6a41b7735c
[2026-08-19 23:50:30,228] [INFO] - [LOGIN] Website yêu cầu đăng nhập.
[2026-08-19 23:50:34,075] [INFO] - [UI] locator=xpath //header//h3[normalize-space()='Bảng điều khiển vận hành']
[2026-08-19 23:50:34,075] [INFO] - [FIND] page=Login element=Đăng nhập thành công với Admin locator=xpath://header//h3[normalize-space()='Bảng điều khiển vận hành'] timeout=15
[2026-08-19 23:50:41,205] [ERROR] - [SELENIUM ERROR]
page=Login
element=Đăng nhập thành công với Admin
locator=xpath://header//h3[normalize-space()='Bảng điều khiển vận hành']
url=(không lấy được URL - session có thể đã chết)
exception_type=WebDriverException
message=invalid session id: session deleted as the browser has closed the connection
from disconnected: not connected to DevTools
  (Session info: chrome=151.0.7922.169); For documentation on this error, please visit: https://www.selenium.dev/documentation/webdriver/troubleshooting/errors#invalidsessionidexception
[2026-08-19 23:50:41,206] [ERROR] - [UI] page=Login element=Đăng nhập thành công với Admin
WebDriverException: Lỗi khi tìm element "Đăng nhập thành công với Admin"
locator=xpath://header//h3[normalize-space()='Bảng điều khiển vận hành']
URL=(không lấy được URL - session có thể đã chết)
page_title=(không lấy được title)
chi_tiet=invalid session id: session deleted as the browser has closed the connection
from disconnected: not connected to DevTools
  (Session info: chrome=151.0.7922.169); For documentation on this error, please visit: https://www.selenium.dev/documentation/webdriver/troubleshooting/errors#invalidsessionidexception
[2026-08-19 23:50:47,652] [INFO] - [UI] page=Login element=Đăng nhập thành công với Admin expected= actual=ERROR: WebDriverException: Lỗi khi tìm element "Đăng nhập thành công với Admin"
locator=xpath://header//h3[normalize-space()='Bảng điều khiển vận hành']
URL=(không lấy được URL - session có thể đã chết)
page_title=(không lấy được title)
chi_tiet=invalid session id: session deleted as the browser has closed the connection
from disconnected: not connected to DevTools
  (Session info: chrome=151.0.7922.169); For documentation on this error, please visit: https://www.selenium.dev/documentation/webdriver/troubleshooting/errors#invalidsessionidexception status=ERROR
[2026-08-19 23:55:37,805] [INFO] - [UI] Opening: https://courses.plt.pro.vn/login
[2026-08-19 23:55:38,932] [INFO] - [DRIVER] Chrome session created OK. browser=chrome browser_version=151.0.7922.169 chromedriver_version=151.0.7922.138 (41fa82442390a4d4456c78f2d69a832d5720cb27-refs/branch-heads/7922@{#2891}) session_id=062a0198b69d612cd547198a8d57ed63
[2026-08-19 23:55:39,451] [INFO] - [LOGIN] Website yêu cầu đăng nhập.
[2026-08-19 23:55:43,307] [INFO] - [UI] locator=xpath //header//h3[normalize-space()='Bảng điều khiển vận hành']
[2026-08-19 23:55:43,307] [INFO] - [FIND] page=Login element=Đăng nhập thành công với Admin locator=xpath://header//h3[normalize-space()='Bảng điều khiển vận hành'] timeout=15
[2026-08-19 23:55:59,502] [ERROR] - [SELENIUM ERROR]
page=Login
element=Đăng nhập thành công với Admin
locator=xpath://header//h3[normalize-space()='Bảng điều khiển vận hành']
url=https://courses.plt.pro.vn/dashboard
exception_type=TimeoutException
message=Không tìm thấy element sau 15 giây.
[2026-08-19 23:55:59,502] [ERROR] - [UI] page=Login element=Đăng nhập thành công với Admin
TimeoutException: Không tìm thấy element "Đăng nhập thành công với Admin"
locator=xpath://header//h3[normalize-space()='Bảng điều khiển vận hành']
URL=https://courses.plt.pro.vn/dashboard
page_title=PLT Solutions - Fleet Console
login_page_visible=False
[2026-08-19 23:56:06,133] [INFO] - [UI] page=Login element=Đăng nhập thành công với Admin expected= actual=ERROR: TimeoutException: Không tìm thấy element "Đăng nhập thành công với Admin"
locator=xpath://header//h3[normalize-space()='Bảng điều khiển vận hành']
URL=https://courses.plt.pro.vn/dashboard
page_title=PLT Solutions - Fleet Console
login_page_visible=False status=ERROR
[2026-08-19 23:56:07,247] [INFO] - [DRIVER] Chrome session created OK. browser=chrome browser_version=151.0.7922.169 chromedriver_version=151.0.7922.138 (41fa82442390a4d4456c78f2d69a832d5720cb27-refs/branch-heads/7922@{#2891}) session_id=d79df8bce6d82085d95e75817c60fc81
[2026-08-19 23:56:19,648] [INFO] - [DRIVER] Chrome session created OK. browser=chrome browser_version=151.0.7922.169 chromedriver_version=151.0.7922.138 (41fa82442390a4d4456c78f2d69a832d5720cb27-refs/branch-heads/7922@{#2891}) session_id=e1a2ac84b5281b45b5d259a3d4aad848
[2026-08-19 23:56:32,063] [INFO] - [DRIVER] Chrome session created OK. browser=chrome browser_version=151.0.7922.169 chromedriver_version=151.0.7922.138 (41fa82442390a4d4456c78f2d69a832d5720cb27-refs/branch-heads/7922@{#2891}) session_id=d81fc99ae3a9e1647609cccb4c7772f5
[2026-08-19 23:56:44,979] [INFO] - [DRIVER] Chrome session created OK. browser=chrome browser_version=151.0.7922.169 chromedriver_version=151.0.7922.138 (41fa82442390a4d4456c78f2d69a832d5720cb27-refs/branch-heads/7922@{#2891}) session_id=83962ca5aa8506ee6896a998d4115cb3
[2026-08-19 23:56:57,403] [INFO] - [DRIVER] Chrome session created OK. browser=chrome browser_version=151.0.7922.169 chromedriver_version=151.0.7922.138 (41fa82442390a4d4456c78f2d69a832d5720cb27-refs/branch-heads/7922@{#2891}) session_id=4c94cf5b575be42d2b6311badd9d757d
[2026-08-19 23:57:09,883] [INFO] - [DRIVER] Chrome session created OK. browser=chrome browser_version=151.0.7922.169 chromedriver_version=151.0.7922.138 (41fa82442390a4d4456c78f2d69a832d5720cb27-refs/branch-heads/7922@{#2891}) session_id=1bc1ba0fa04eb437c34644d1d88f63d5
[2026-08-19 23:57:22,792] [INFO] - [DRIVER] Chrome session created OK. browser=chrome browser_version=151.0.7922.169 chromedriver_version=151.0.7922.138 (41fa82442390a4d4456c78f2d69a832d5720cb27-refs/branch-heads/7922@{#2891}) session_id=bc49bd3f3c9b0686ce09ef00817043f4
[2026-08-19 23:57:35,188] [INFO] - [DRIVER] Chrome session created OK. browser=chrome browser_version=151.0.7922.169 chromedriver_version=151.0.7922.138 (41fa82442390a4d4456c78f2d69a832d5720cb27-refs/branch-heads/7922@{#2891}) session_id=6dfb2b61bd52db21d099afe818e695d1
[2026-08-19 23:57:40,619] [ERROR] - [SUITE ROUTE ERROR] TC_NAV_08
Traceback (most recent call last):
  File "C:\AutoTest-AI\AutoTest\runners\suite_runner.py", line 86, in _run_route_smoke
    driver.get(target_url)
                 ^^^^^^^^^
  File "C:\Users\Huynh Anh Tu\AppData\Local\Python\pythoncore-3.14-64\Lib\site-packages\selenium\webdriver\remote\webdriver.py", line 626, in current_url
    return self.execute(Command.GET_CURRENT_URL)["value"]
           ~~~~~~~~~~~~^^^^^^^^^^^^^^^^^^^^^^^^^
  File "C:\Users\Huynh Anh Tu\AppData\Local\Python\pythoncore-3.14-64\Lib\site-packages\selenium\webdriver\remote\webdriver.py", line 492, in execute
    self.error_handler.check_response(response)
    ~~~~~~~~~~~~~~~~~~~~~~~~~~~~~~~~~^^^^^^^^^^
  File "C:\Users\Huynh Anh Tu\AppData\Local\Python\pythoncore-3.14-64\Lib\site-packages\selenium\webdriver\remote\errorhandler.py", line 232, in check_response
    raise exception_class(message, screen, stacktrace)
selenium.common.exceptions.InvalidSessionIdException: Message: invalid session id: session deleted as the browser has closed the connection
from disconnected: not connected to DevTools
  (Session info: chrome=151.0.7922.169); For documentation on this error, please visit: https://www.selenium.dev/documentation/webdriver/troubleshooting/errors#invalidsessionidexception
Stacktrace:
	chromedriver!GetHandleVerifier [0x7ff718e3abb5+151b5]
	chromedriver!GetHandleVerifier [0x7ff718e3ac10+15210]
	chromedriver!(No symbol) [0x7ff718965d6d]
	chromedriver!(No symbol) [0x7ff7189515c2]
	chromedriver!(No symbol) [0x7ff7189774a1]
	chromedriver!(No symbol) [0x7ff7189f1320]
	chromedriver!(No symbol) [0x7ff718a0e4f2]
	chromedriver!(No symbol) [0x7ff7189b37cc]
	chromedriver!(No symbol) [0x7ff7189b46f3]
	chromedriver!GetHandleVerifier [0x7ff71945b79b+635d9b]
	chromedriver!GetHandleVerifier [0x7ff719455ac6+6300c6]
	chromedriver!GetHandleVerifier [0x7ff71947bcee+6562ee]
	chromedriver!GetHandleVerifier [0x7ff718e58ffe+335fe]
	chromedriver!GetHandleVerifier [0x7ff718e6147c+3ba7c]
	chromedriver!GetHandleVerifier [0x7ff718e44d64+1f364]
	chromedriver!GetHandleVerifier [0x7ff718e44ef4+1f4f4]
	chromedriver!GetHandleVerifier [0x7ff718e27d97+2397]
	KERNEL32!BaseThreadInitThunk [0x7ffedf92ccb7+17]
	ntdll!RtlUserThreadStart [0x7ffee040ad6c+2c]

[2026-08-20 00:00:01,826] [INFO] - [DRIVER] Chrome session created OK. browser=chrome browser_version=151.0.7922.169 chromedriver_version=151.0.7922.138 (41fa82442390a4d4456c78f2d69a832d5720cb27-refs/branch-heads/7922@{#2891}) session_id=73b7eb98d5f60016b635a41d78cbdaba
[2026-08-20 00:00:01,860] [INFO] - [UI] Opening: https://courses.plt.pro.vn/login
[2026-08-20 00:00:02,440] [INFO] - [LOGIN] Website yêu cầu đăng nhập.
[2026-08-20 00:00:06,341] [INFO] - [UI] locator=xpath //header//h3[normalize-space()='Bảng điều khiển vận hành']
[2026-08-20 00:00:06,341] [INFO] - [FIND] page=Login element=Đăng nhập thành công với Admin locator=xpath://header//h3[normalize-space()='Bảng điều khiển vận hành'] timeout=15
[2026-08-20 00:00:22,577] [ERROR] - [SELENIUM ERROR]
page=Login
element=Đăng nhập thành công với Admin
locator=xpath://header//h3[normalize-space()='Bảng điều khiển vận hành']
url=https://courses.plt.pro.vn/dashboard
exception_type=TimeoutException
message=Không tìm thấy element sau 15 giây.
[2026-08-20 00:00:22,577] [ERROR] - [UI] page=Login element=Đăng nhập thành công với Admin
TimeoutException: Không tìm thấy element "Đăng nhập thành công với Admin"
locator=xpath://header//h3[normalize-space()='Bảng điều khiển vận hành']
URL=https://courses.plt.pro.vn/dashboard
page_title=PLT Solutions - Fleet Console
login_page_visible=False
[2026-08-20 00:00:22,764] [INFO] - [UI] page=Login element=Đăng nhập thành công với Admin expected= actual=ERROR: TimeoutException: Không tìm thấy element "Đăng nhập thành công với Admin"
locator=xpath://header//h3[normalize-space()='Bảng điều khiển vận hành']
URL=https://courses.plt.pro.vn/dashboard
page_title=PLT Solutions - Fleet Console
login_page_visible=False status=ERROR
[2026-08-20 00:03:46,360] [INFO] - [UI] Opening: https://courses.plt.pro.vn/bookings
[2026-08-20 00:03:51,528] [INFO] - [UI] locator=xpath //input[@id='filter-1']
[2026-08-20 00:03:51,528] [INFO] - [FIND] page=Booking element=Kiểm tra lọc danh sách chuyến đi - Bộ lọc 1 locator=xpath://input[@id='filter-1'] timeout=15
[2026-08-20 00:04:06,719] [INFO] - [BOOKING FORM] Không thấy field trên trang danh sách, thử mở form bằng nút: 'Tạo đơn thuê'
[2026-08-20 00:04:06,941] [INFO] - [FIND] page=Booking element=Kiểm tra lọc danh sách chuyến đi - Bộ lọc 1 locator=xpath://input[@id='filter-1'] timeout=15
[2026-08-20 00:04:23,143] [ERROR] - [SELENIUM ERROR]
page=Booking
element=Kiểm tra lọc danh sách chuyến đi - Bộ lọc 1
locator=xpath://input[@id='filter-1']
url=https://courses.plt.pro.vn/bookings/new
exception_type=TimeoutException
message=Không tìm thấy element sau 15 giây.
[2026-08-20 00:04:23,143] [ERROR] - [UI] page=Booking element=Kiểm tra lọc danh sách chuyến đi - Bộ lọc 1
TimeoutException: Không tìm thấy element "Kiểm tra lọc danh sách chuyến đi - Bộ lọc 1"
locator=xpath://input[@id='filter-1']
URL=https://courses.plt.pro.vn/bookings/new
page_title=PLT Solutions - Fleet Console
login_page_visible=False
[2026-08-20 00:04:23,290] [INFO] - [UI] page=Booking element=Kiểm tra lọc danh sách chuyến đi - Bộ lọc 1 expected= actual=ERROR: TimeoutException: Không tìm thấy element "Kiểm tra lọc danh sách chuyến đi - Bộ lọc 1"
locator=xpath://input[@id='filter-1']
URL=https://courses.plt.pro.vn/bookings/new
page_title=PLT Solutions - Fleet Console
login_page_visible=False status=ERROR
[2026-08-20 00:04:23,306] [INFO] - [UI] Opening: https://courses.plt.pro.vn/bookings
[2026-08-20 00:04:28,449] [INFO] - [UI] locator=xpath //button[@id='btn-search']
[2026-08-20 00:04:28,449] [INFO] - [FIND] page=Booking element=Kiểm tra lọc danh sách chuyến đi - Bộ lọc 1 locator=xpath://button[@id='btn-search'] timeout=15
[2026-08-20 00:04:43,645] [INFO] - [BOOKING FORM] Không thấy field trên trang danh sách, thử mở form bằng nút: 'Tạo đơn thuê'
[2026-08-20 00:04:43,860] [INFO] - [FIND] page=Booking element=Kiểm tra lọc danh sách chuyến đi - Bộ lọc 1 locator=xpath://button[@id='btn-search'] timeout=15
[2026-08-20 00:05:00,037] [ERROR] - [SELENIUM ERROR]
page=Booking
element=Kiểm tra lọc danh sách chuyến đi - Bộ lọc 1
locator=xpath://button[@id='btn-search']
url=https://courses.plt.pro.vn/bookings/new
exception_type=TimeoutException
message=Không tìm thấy element sau 15 giây.
[2026-08-20 00:05:00,037] [ERROR] - [UI] page=Booking element=Kiểm tra lọc danh sách chuyến đi - Bộ lọc 1
TimeoutException: Không tìm thấy element "Kiểm tra lọc danh sách chuyến đi - Bộ lọc 1"
locator=xpath://button[@id='btn-search']
URL=https://courses.plt.pro.vn/bookings/new
page_title=PLT Solutions - Fleet Console
login_page_visible=False
[2026-08-20 00:05:00,148] [INFO] - [UI] page=Booking element=Kiểm tra lọc danh sách chuyến đi - Bộ lọc 1 expected= actual=ERROR: TimeoutException: Không tìm thấy element "Kiểm tra lọc danh sách chuyến đi - Bộ lọc 1"
locator=xpath://button[@id='btn-search']
URL=https://courses.plt.pro.vn/bookings/new
page_title=PLT Solutions - Fleet Console
login_page_visible=False status=ERROR
[2026-08-20 00:05:00,160] [INFO] - [UI] Opening: https://courses.plt.pro.vn/bookings
[2026-08-20 00:05:05,305] [INFO] - [UI] locator=xpath //input[@id='filter-2']
[2026-08-20 00:05:05,305] [INFO] - [FIND] page=Booking element=Kiểm tra lọc danh sách chuyến đi - Bộ lọc 2 locator=xpath://input[@id='filter-2'] timeout=15
[2026-08-20 00:05:20,506] [INFO] - [BOOKING FORM] Không thấy field trên trang danh sách, thử mở form bằng nút: 'Tạo đơn thuê'
[2026-08-20 00:05:20,764] [INFO] - [FIND] page=Booking element=Kiểm tra lọc danh sách chuyến đi - Bộ lọc 2 locator=xpath://input[@id='filter-2'] timeout=15
[2026-08-20 00:05:36,967] [ERROR] - [SELENIUM ERROR]
page=Booking
element=Kiểm tra lọc danh sách chuyến đi - Bộ lọc 2
locator=xpath://input[@id='filter-2']
url=https://courses.plt.pro.vn/bookings/new
exception_type=TimeoutException
message=Không tìm thấy element sau 15 giây.
[2026-08-20 00:05:36,967] [ERROR] - [UI] page=Booking element=Kiểm tra lọc danh sách chuyến đi - Bộ lọc 2
TimeoutException: Không tìm thấy element "Kiểm tra lọc danh sách chuyến đi - Bộ lọc 2"
locator=xpath://input[@id='filter-2']
URL=https://courses.plt.pro.vn/bookings/new
page_title=PLT Solutions - Fleet Console
login_page_visible=False
[2026-08-20 00:05:37,202] [INFO] - [UI] page=Booking element=Kiểm tra lọc danh sách chuyến đi - Bộ lọc 2 expected= actual=ERROR: TimeoutException: Không tìm thấy element "Kiểm tra lọc danh sách chuyến đi - Bộ lọc 2"
locator=xpath://input[@id='filter-2']
URL=https://courses.plt.pro.vn/bookings/new
page_title=PLT Solutions - Fleet Console
login_page_visible=False status=ERROR
[2026-08-20 00:05:37,220] [INFO] - [UI] Opening: https://courses.plt.pro.vn/bookings
[2026-08-20 00:05:42,407] [INFO] - [UI] locator=xpath //button[@id='btn-search']
[2026-08-20 00:05:42,407] [INFO] - [FIND] page=Booking element=Kiểm tra lọc danh sách chuyến đi - Bộ lọc 2 locator=xpath://button[@id='btn-search'] timeout=15
[2026-08-20 00:05:57,601] [INFO] - [BOOKING FORM] Không thấy field trên trang danh sách, thử mở form bằng nút: 'Tạo đơn thuê'
[2026-08-20 00:05:57,885] [INFO] - [FIND] page=Booking element=Kiểm tra lọc danh sách chuyến đi - Bộ lọc 2 locator=xpath://button[@id='btn-search'] timeout=15
[2026-08-20 00:06:14,165] [ERROR] - [SELENIUM ERROR]
page=Booking
element=Kiểm tra lọc danh sách chuyến đi - Bộ lọc 2
locator=xpath://button[@id='btn-search']
url=https://courses.plt.pro.vn/bookings/new
exception_type=TimeoutException
message=Không tìm thấy element sau 15 giây.
[2026-08-20 00:06:14,165] [ERROR] - [UI] page=Booking element=Kiểm tra lọc danh sách chuyến đi - Bộ lọc 2
TimeoutException: Không tìm thấy element "Kiểm tra lọc danh sách chuyến đi - Bộ lọc 2"
locator=xpath://button[@id='btn-search']
URL=https://courses.plt.pro.vn/bookings/new
page_title=PLT Solutions - Fleet Console
login_page_visible=False
[2026-08-20 00:06:14,394] [INFO] - [UI] page=Booking element=Kiểm tra lọc danh sách chuyến đi - Bộ lọc 2 expected= actual=ERROR: TimeoutException: Không tìm thấy element "Kiểm tra lọc danh sách chuyến đi - Bộ lọc 2"
locator=xpath://button[@id='btn-search']
URL=https://courses.plt.pro.vn/bookings/new
page_title=PLT Solutions - Fleet Console
login_page_visible=False status=ERROR
[2026-08-20 00:06:14,419] [INFO] - [UI] Opening: https://courses.plt.pro.vn/bookings
[2026-08-20 00:06:19,622] [INFO] - [UI] locator=xpath //input[@id='filter-3']
[2026-08-20 00:06:19,623] [INFO] - [FIND] page=Booking element=Kiểm tra lọc danh sách chuyến đi - Bộ lọc 3 locator=xpath://input[@id='filter-3'] timeout=15
[2026-08-20 00:06:34,891] [INFO] - [BOOKING FORM] Không thấy field trên trang danh sách, thử mở form bằng nút: 'Tạo đơn thuê'
[2026-08-20 00:06:35,003] [INFO] - [FIND] page=Booking element=Kiểm tra lọc danh sách chuyến đi - Bộ lọc 3 locator=xpath://input[@id='filter-3'] timeout=15
[2026-08-20 00:06:51,311] [ERROR] - [SELENIUM ERROR]
page=Booking
element=Kiểm tra lọc danh sách chuyến đi - Bộ lọc 3
locator=xpath://input[@id='filter-3']
url=https://courses.plt.pro.vn/bookings/new
exception_type=TimeoutException
message=Không tìm thấy element sau 15 giây.
[2026-08-20 00:06:51,312] [ERROR] - [UI] page=Booking element=Kiểm tra lọc danh sách chuyến đi - Bộ lọc 3
TimeoutException: Không tìm thấy element "Kiểm tra lọc danh sách chuyến đi - Bộ lọc 3"
locator=xpath://input[@id='filter-3']
URL=https://courses.plt.pro.vn/bookings/new
page_title=PLT Solutions - Fleet Console
login_page_visible=False
[2026-08-20 00:06:51,529] [INFO] - [UI] page=Booking element=Kiểm tra lọc danh sách chuyến đi - Bộ lọc 3 expected= actual=ERROR: TimeoutException: Không tìm thấy element "Kiểm tra lọc danh sách chuyến đi - Bộ lọc 3"
locator=xpath://input[@id='filter-3']
URL=https://courses.plt.pro.vn/bookings/new
page_title=PLT Solutions - Fleet Console
login_page_visible=False status=ERROR
[2026-08-20 00:06:51,559] [INFO] - [UI] Opening: https://courses.plt.pro.vn/bookings
[2026-08-20 00:06:56,745] [INFO] - [UI] locator=xpath //button[@id='btn-search']
[2026-08-20 00:06:56,745] [INFO] - [FIND] page=Booking element=Kiểm tra lọc danh sách chuyến đi - Bộ lọc 3 locator=xpath://button[@id='btn-search'] timeout=15
[2026-08-20 00:07:11,969] [INFO] - [BOOKING FORM] Không thấy field trên trang danh sách, thử mở form bằng nút: 'Tạo đơn thuê'
[2026-08-20 00:07:12,268] [INFO] - [FIND] page=Booking element=Kiểm tra lọc danh sách chuyến đi - Bộ lọc 3 locator=xpath://button[@id='btn-search'] timeout=15
[2026-08-20 00:07:28,557] [ERROR] - [SELENIUM ERROR]
page=Booking
element=Kiểm tra lọc danh sách chuyến đi - Bộ lọc 3
locator=xpath://button[@id='btn-search']
url=https://courses.plt.pro.vn/bookings/new
exception_type=TimeoutException
message=Không tìm thấy element sau 15 giây.
[2026-08-20 00:07:28,557] [ERROR] - [UI] page=Booking element=Kiểm tra lọc danh sách chuyến đi - Bộ lọc 3
TimeoutException: Không tìm thấy element "Kiểm tra lọc danh sách chuyến đi - Bộ lọc 3"
locator=xpath://button[@id='btn-search']
URL=https://courses.plt.pro.vn/bookings/new
page_title=PLT Solutions - Fleet Console
login_page_visible=False
[2026-08-20 00:07:28,746] [INFO] - [UI] page=Booking element=Kiểm tra lọc danh sách chuyến đi - Bộ lọc 3 expected= actual=ERROR: TimeoutException: Không tìm thấy element "Kiểm tra lọc danh sách chuyến đi - Bộ lọc 3"
locator=xpath://button[@id='btn-search']
URL=https://courses.plt.pro.vn/bookings/new
page_title=PLT Solutions - Fleet Console
login_page_visible=False status=ERROR
[2026-08-20 00:07:28,768] [INFO] - [UI] Opening: https://courses.plt.pro.vn/bookings
[2026-08-20 00:07:34,002] [INFO] - [UI] locator=xpath //input[@id='filter-4']
[2026-08-20 00:07:34,003] [INFO] - [FIND] page=Booking element=Kiểm tra lọc danh sách chuyến đi - Bộ lọc 4 locator=xpath://input[@id='filter-4'] timeout=15
[2026-08-20 00:07:49,256] [INFO] - [BOOKING FORM] Không thấy field trên trang danh sách, thử mở form bằng nút: 'Tạo đơn thuê'
[2026-08-20 00:07:49,364] [INFO] - [FIND] page=Booking element=Kiểm tra lọc danh sách chuyến đi - Bộ lọc 4 locator=xpath://input[@id='filter-4'] timeout=15
[2026-08-20 00:08:05,661] [ERROR] - [SELENIUM ERROR]
page=Booking
element=Kiểm tra lọc danh sách chuyến đi - Bộ lọc 4
locator=xpath://input[@id='filter-4']
url=https://courses.plt.pro.vn/bookings/new
exception_type=TimeoutException
message=Không tìm thấy element sau 15 giây.
[2026-08-20 00:08:05,661] [ERROR] - [UI] page=Booking element=Kiểm tra lọc danh sách chuyến đi - Bộ lọc 4
TimeoutException: Không tìm thấy element "Kiểm tra lọc danh sách chuyến đi - Bộ lọc 4"
locator=xpath://input[@id='filter-4']
URL=https://courses.plt.pro.vn/bookings/new
page_title=PLT Solutions - Fleet Console
login_page_visible=False
[2026-08-20 00:08:05,863] [INFO] - [UI] page=Booking element=Kiểm tra lọc danh sách chuyến đi - Bộ lọc 4 expected= actual=ERROR: TimeoutException: Không tìm thấy element "Kiểm tra lọc danh sách chuyến đi - Bộ lọc 4"
locator=xpath://input[@id='filter-4']
URL=https://courses.plt.pro.vn/bookings/new
page_title=PLT Solutions - Fleet Console
login_page_visible=False status=ERROR
[2026-08-20 00:08:05,884] [INFO] - [UI] Opening: https://courses.plt.pro.vn/bookings
[2026-08-20 00:08:11,066] [INFO] - [UI] locator=xpath //button[@id='btn-search']
[2026-08-20 00:08:11,067] [INFO] - [FIND] page=Booking element=Kiểm tra lọc danh sách chuyến đi - Bộ lọc 4 locator=xpath://button[@id='btn-search'] timeout=15
[2026-08-20 00:08:26,279] [INFO] - [BOOKING FORM] Không thấy field trên trang danh sách, thử mở form bằng nút: 'Tạo đơn thuê'
[2026-08-20 00:08:26,379] [INFO] - [FIND] page=Booking element=Kiểm tra lọc danh sách chuyến đi - Bộ lọc 4 locator=xpath://button[@id='btn-search'] timeout=15
[2026-08-20 00:08:42,641] [ERROR] - [SELENIUM ERROR]
page=Booking
element=Kiểm tra lọc danh sách chuyến đi - Bộ lọc 4
locator=xpath://button[@id='btn-search']
url=https://courses.plt.pro.vn/bookings/new
exception_type=TimeoutException
message=Không tìm thấy element sau 15 giây.
[2026-08-20 00:08:42,642] [ERROR] - [UI] page=Booking element=Kiểm tra lọc danh sách chuyến đi - Bộ lọc 4
TimeoutException: Không tìm thấy element "Kiểm tra lọc danh sách chuyến đi - Bộ lọc 4"
locator=xpath://button[@id='btn-search']
URL=https://courses.plt.pro.vn/bookings/new
page_title=PLT Solutions - Fleet Console
login_page_visible=False
[2026-08-20 00:08:42,859] [INFO] - [UI] page=Booking element=Kiểm tra lọc danh sách chuyến đi - Bộ lọc 4 expected= actual=ERROR: TimeoutException: Không tìm thấy element "Kiểm tra lọc danh sách chuyến đi - Bộ lọc 4"
locator=xpath://button[@id='btn-search']
URL=https://courses.plt.pro.vn/bookings/new
page_title=PLT Solutions - Fleet Console
login_page_visible=False status=ERROR
[2026-08-20 00:08:42,877] [INFO] - [UI] Opening: https://courses.plt.pro.vn/bookings
[2026-08-20 00:08:48,037] [INFO] - [UI] locator=xpath //input[@id='filter-5']
[2026-08-20 00:08:48,037] [INFO] - [FIND] page=Booking element=Kiểm tra lọc danh sách chuyến đi - Bộ lọc 5 locator=xpath://input[@id='filter-5'] timeout=15
[2026-08-20 00:09:03,268] [INFO] - [BOOKING FORM] Không thấy field trên trang danh sách, thử mở form bằng nút: 'Tạo đơn thuê'
[2026-08-20 00:09:03,351] [INFO] - [FIND] page=Booking element=Kiểm tra lọc danh sách chuyến đi - Bộ lọc 5 locator=xpath://input[@id='filter-5'] timeout=15
[2026-08-20 00:09:19,579] [ERROR] - [SELENIUM ERROR]
page=Booking
element=Kiểm tra lọc danh sách chuyến đi - Bộ lọc 5
locator=xpath://input[@id='filter-5']
url=https://courses.plt.pro.vn/bookings/new
exception_type=TimeoutException
message=Không tìm thấy element sau 15 giây.
[2026-08-20 00:09:19,579] [ERROR] - [UI] page=Booking element=Kiểm tra lọc danh sách chuyến đi - Bộ lọc 5
TimeoutException: Không tìm thấy element "Kiểm tra lọc danh sách chuyến đi - Bộ lọc 5"
locator=xpath://input[@id='filter-5']
URL=https://courses.plt.pro.vn/bookings/new
page_title=PLT Solutions - Fleet Console
login_page_visible=False
[2026-08-20 00:09:19,821] [INFO] - [UI] page=Booking element=Kiểm tra lọc danh sách chuyến đi - Bộ lọc 5 expected= actual=ERROR: TimeoutException: Không tìm thấy element "Kiểm tra lọc danh sách chuyến đi - Bộ lọc 5"
locator=xpath://input[@id='filter-5']
URL=https://courses.plt.pro.vn/bookings/new
page_title=PLT Solutions - Fleet Console
login_page_visible=False status=ERROR
[2026-08-20 00:09:19,829] [INFO] - [UI] Opening: https://courses.plt.pro.vn/bookings
[2026-08-20 00:09:25,075] [INFO] - [UI] locator=xpath //button[@id='btn-search']
[2026-08-20 00:09:25,075] [INFO] - [FIND] page=Booking element=Kiểm tra lọc danh sách chuyến đi - Bộ lọc 5 locator=xpath://button[@id='btn-search'] timeout=15
[2026-08-20 00:09:40,300] [INFO] - [BOOKING FORM] Không thấy field trên trang danh sách, thử mở form bằng nút: 'Tạo đơn thuê'
[2026-08-20 00:09:40,392] [INFO] - [FIND] page=Booking element=Kiểm tra lọc danh sách chuyến đi - Bộ lọc 5 locator=xpath://button[@id='btn-search'] timeout=15
[2026-08-20 00:09:56,658] [ERROR] - [SELENIUM ERROR]
page=Booking
element=Kiểm tra lọc danh sách chuyến đi - Bộ lọc 5
locator=xpath://button[@id='btn-search']
url=https://courses.plt.pro.vn/bookings/new
exception_type=TimeoutException
message=Không tìm thấy element sau 15 giây.
[2026-08-20 00:09:56,658] [ERROR] - [UI] page=Booking element=Kiểm tra lọc danh sách chuyến đi - Bộ lọc 5
TimeoutException: Không tìm thấy element "Kiểm tra lọc danh sách chuyến đi - Bộ lọc 5"
locator=xpath://button[@id='btn-search']
URL=https://courses.plt.pro.vn/bookings/new
page_title=PLT Solutions - Fleet Console
login_page_visible=False
[2026-08-20 00:09:56,860] [INFO] - [UI] page=Booking element=Kiểm tra lọc danh sách chuyến đi - Bộ lọc 5 expected= actual=ERROR: TimeoutException: Không tìm thấy element "Kiểm tra lọc danh sách chuyến đi - Bộ lọc 5"
locator=xpath://button[@id='btn-search']
URL=https://courses.plt.pro.vn/bookings/new
page_title=PLT Solutions - Fleet Console
login_page_visible=False status=ERROR
[2026-08-20 00:09:56,877] [INFO] - [UI] Opening: https://courses.plt.pro.vn/bookings
[2026-08-20 00:10:02,147] [INFO] - [UI] locator=xpath //input[@id='filter-6']
[2026-08-20 00:10:02,148] [INFO] - [FIND] page=Booking element=Kiểm tra lọc danh sách chuyến đi - Bộ lọc 6 locator=xpath://input[@id='filter-6'] timeout=15
[2026-08-20 00:10:17,407] [INFO] - [BOOKING FORM] Không thấy field trên trang danh sách, thử mở form bằng nút: 'Tạo đơn thuê'
[2026-08-20 00:10:17,566] [INFO] - [FIND] page=Booking element=Kiểm tra lọc danh sách chuyến đi - Bộ lọc 6 locator=xpath://input[@id='filter-6'] timeout=15
[2026-08-20 00:10:33,989] [ERROR] - [SELENIUM ERROR]
page=Booking
element=Kiểm tra lọc danh sách chuyến đi - Bộ lọc 6
locator=xpath://input[@id='filter-6']
url=https://courses.plt.pro.vn/bookings/new
exception_type=TimeoutException
message=Không tìm thấy element sau 15 giây.
[2026-08-20 00:10:33,990] [ERROR] - [UI] page=Booking element=Kiểm tra lọc danh sách chuyến đi - Bộ lọc 6
TimeoutException: Không tìm thấy element "Kiểm tra lọc danh sách chuyến đi - Bộ lọc 6"
locator=xpath://input[@id='filter-6']
URL=https://courses.plt.pro.vn/bookings/new
page_title=PLT Solutions - Fleet Console
login_page_visible=False
[2026-08-20 00:10:34,171] [INFO] - [UI] page=Booking element=Kiểm tra lọc danh sách chuyến đi - Bộ lọc 6 expected= actual=ERROR: TimeoutException: Không tìm thấy element "Kiểm tra lọc danh sách chuyến đi - Bộ lọc 6"
locator=xpath://input[@id='filter-6']
URL=https://courses.plt.pro.vn/bookings/new
page_title=PLT Solutions - Fleet Console
login_page_visible=False status=ERROR
[2026-08-20 00:10:34,197] [INFO] - [UI] Opening: https://courses.plt.pro.vn/bookings
[2026-08-20 00:10:39,433] [INFO] - [UI] locator=xpath //button[@id='btn-search']
[2026-08-20 00:10:39,433] [INFO] - [FIND] page=Booking element=Kiểm tra lọc danh sách chuyến đi - Bộ lọc 6 locator=xpath://button[@id='btn-search'] timeout=15
[2026-08-20 00:10:54,666] [INFO] - [BOOKING FORM] Không thấy field trên trang danh sách, thử mở form bằng nút: 'Tạo đơn thuê'
[2026-08-20 00:10:54,816] [INFO] - [FIND] page=Booking element=Kiểm tra lọc danh sách chuyến đi - Bộ lọc 6 locator=xpath://button[@id='btn-search'] timeout=15
[2026-08-20 00:11:11,181] [ERROR] - [SELENIUM ERROR]
page=Booking
element=Kiểm tra lọc danh sách chuyến đi - Bộ lọc 6
locator=xpath://button[@id='btn-search']
url=https://courses.plt.pro.vn/bookings/new
exception_type=TimeoutException
message=Không tìm thấy element sau 15 giây.
[2026-08-20 00:11:11,181] [ERROR] - [UI] page=Booking element=Kiểm tra lọc danh sách chuyến đi - Bộ lọc 6
TimeoutException: Không tìm thấy element "Kiểm tra lọc danh sách chuyến đi - Bộ lọc 6"
locator=xpath://button[@id='btn-search']
URL=https://courses.plt.pro.vn/bookings/new
page_title=PLT Solutions - Fleet Console
login_page_visible=False
[2026-08-20 00:11:11,350] [INFO] - [UI] page=Booking element=Kiểm tra lọc danh sách chuyến đi - Bộ lọc 6 expected= actual=ERROR: TimeoutException: Không tìm thấy element "Kiểm tra lọc danh sách chuyến đi - Bộ lọc 6"
locator=xpath://button[@id='btn-search']
URL=https://courses.plt.pro.vn/bookings/new
page_title=PLT Solutions - Fleet Console
login_page_visible=False status=ERROR
[2026-08-20 00:11:11,372] [INFO] - [UI] Opening: https://courses.plt.pro.vn/bookings
[2026-08-20 00:11:16,706] [INFO] - [UI] locator=xpath //input[@id='filter-7']
[2026-08-20 00:11:16,706] [INFO] - [FIND] page=Booking element=Kiểm tra lọc danh sách chuyến đi - Bộ lọc 7 locator=xpath://input[@id='filter-7'] timeout=15
[2026-08-20 00:11:31,929] [INFO] - [BOOKING FORM] Không thấy field trên trang danh sách, thử mở form bằng nút: 'Tạo đơn thuê'
[2026-08-20 00:11:32,015] [INFO] - [FIND] page=Booking element=Kiểm tra lọc danh sách chuyến đi - Bộ lọc 7 locator=xpath://input[@id='filter-7'] timeout=15
[2026-08-20 00:11:48,312] [ERROR] - [SELENIUM ERROR]
page=Booking
element=Kiểm tra lọc danh sách chuyến đi - Bộ lọc 7
locator=xpath://input[@id='filter-7']
url=https://courses.plt.pro.vn/bookings/new
exception_type=TimeoutException
message=Không tìm thấy element sau 15 giây.
[2026-08-20 00:11:48,312] [ERROR] - [UI] page=Booking element=Kiểm tra lọc danh sách chuyến đi - Bộ lọc 7
TimeoutException: Không tìm thấy element "Kiểm tra lọc danh sách chuyến đi - Bộ lọc 7"
locator=xpath://input[@id='filter-7']
URL=https://courses.plt.pro.vn/bookings/new
page_title=PLT Solutions - Fleet Console
login_page_visible=False
[2026-08-20 00:11:48,522] [INFO] - [UI] page=Booking element=Kiểm tra lọc danh sách chuyến đi - Bộ lọc 7 expected= actual=ERROR: TimeoutException: Không tìm thấy element "Kiểm tra lọc danh sách chuyến đi - Bộ lọc 7"
locator=xpath://input[@id='filter-7']
URL=https://courses.plt.pro.vn/bookings/new
page_title=PLT Solutions - Fleet Console
login_page_visible=False status=ERROR
[2026-08-20 00:11:48,545] [INFO] - [UI] Opening: https://courses.plt.pro.vn/bookings
[2026-08-20 00:11:53,851] [INFO] - [UI] locator=xpath //button[@id='btn-search']
[2026-08-20 00:11:53,851] [INFO] - [FIND] page=Booking element=Kiểm tra lọc danh sách chuyến đi - Bộ lọc 7 locator=xpath://button[@id='btn-search'] timeout=15
[2026-08-20 00:12:09,087] [INFO] - [BOOKING FORM] Không thấy field trên trang danh sách, thử mở form bằng nút: 'Tạo đơn thuê'
[2026-08-20 00:12:09,191] [INFO] - [FIND] page=Booking element=Kiểm tra lọc danh sách chuyến đi - Bộ lọc 7 locator=xpath://button[@id='btn-search'] timeout=15
[2026-08-20 00:12:25,495] [ERROR] - [SELENIUM ERROR]
page=Booking
element=Kiểm tra lọc danh sách chuyến đi - Bộ lọc 7
locator=xpath://button[@id='btn-search']
url=https://courses.plt.pro.vn/bookings/new
exception_type=TimeoutException
message=Không tìm thấy element sau 15 giây.
[2026-08-20 00:12:25,495] [ERROR] - [UI] page=Booking element=Kiểm tra lọc danh sách chuyến đi - Bộ lọc 7
TimeoutException: Không tìm thấy element "Kiểm tra lọc danh sách chuyến đi - Bộ lọc 7"
locator=xpath://button[@id='btn-search']
URL=https://courses.plt.pro.vn/bookings/new
page_title=PLT Solutions - Fleet Console
login_page_visible=False
[2026-08-20 00:12:25,717] [INFO] - [UI] page=Booking element=Kiểm tra lọc danh sách chuyến đi - Bộ lọc 7 expected= actual=ERROR: TimeoutException: Không tìm thấy element "Kiểm tra lọc danh sách chuyến đi - Bộ lọc 7"
locator=xpath://button[@id='btn-search']
URL=https://courses.plt.pro.vn/bookings/new
page_title=PLT Solutions - Fleet Console
login_page_visible=False status=ERROR
[2026-08-20 00:12:25,746] [INFO] - [UI] Opening: https://courses.plt.pro.vn/bookings
[2026-08-20 00:12:31,006] [INFO] - [UI] locator=xpath //input[@id='filter-8']
[2026-08-20 00:12:31,007] [INFO] - [FIND] page=Booking element=Kiểm tra lọc danh sách chuyến đi - Bộ lọc 8 locator=xpath://input[@id='filter-8'] timeout=15
[2026-08-20 00:12:46,251] [INFO] - [BOOKING FORM] Không thấy field trên trang danh sách, thử mở form bằng nút: 'Tạo đơn thuê'
[2026-08-20 00:12:46,415] [INFO] - [FIND] page=Booking element=Kiểm tra lọc danh sách chuyến đi - Bộ lọc 8 locator=xpath://input[@id='filter-8'] timeout=15
[2026-08-20 00:13:02,807] [ERROR] - [SELENIUM ERROR]
page=Booking
element=Kiểm tra lọc danh sách chuyến đi - Bộ lọc 8
locator=xpath://input[@id='filter-8']
url=https://courses.plt.pro.vn/bookings/new
exception_type=TimeoutException
message=Không tìm thấy element sau 15 giây.
[2026-08-20 00:13:02,807] [ERROR] - [UI] page=Booking element=Kiểm tra lọc danh sách chuyến đi - Bộ lọc 8
TimeoutException: Không tìm thấy element "Kiểm tra lọc danh sách chuyến đi - Bộ lọc 8"
locator=xpath://input[@id='filter-8']
URL=https://courses.plt.pro.vn/bookings/new
page_title=PLT Solutions - Fleet Console
login_page_visible=False
[2026-08-20 00:13:03,056] [INFO] - [UI] page=Booking element=Kiểm tra lọc danh sách chuyến đi - Bộ lọc 8 expected= actual=ERROR: TimeoutException: Không tìm thấy element "Kiểm tra lọc danh sách chuyến đi - Bộ lọc 8"
locator=xpath://input[@id='filter-8']
URL=https://courses.plt.pro.vn/bookings/new
page_title=PLT Solutions - Fleet Console
login_page_visible=False status=ERROR
